2025-10-09 12:10:25 +05:30: Error: ENOENT: no such file or directory, open 'D:\Repo\tcx-onboarding-portal\data\configs.json'
2025-10-09 12:10:25 +05:30:     at Object.readFileSync (node:fs:441:20)
2025-10-09 12:10:25 +05:30:     at file:///D:/Repo/tcx-onboarding-portal/backend/terminalServer.js:22:30
2025-10-09 12:10:25 +05:30:     at ModuleJob.run (node:internal/modules/esm/module_job:345:25)
2025-10-09 12:10:25 +05:30:     at process.processTicksAndRejections (node:internal/process/task_queues:105:5)
2025-10-09 12:10:25 +05:30:     at async onImport.tracePromise.__proto__ (node:internal/modules/esm/loader:651:26) {
2025-10-09 12:10:25 +05:30:   errno: -4058,
2025-10-09 12:10:25 +05:30:   code: 'ENOENT',
2025-10-09 12:10:25 +05:30:   syscall: 'open',
2025-10-09 12:10:25 +05:30:   path: 'D:\\Repo\\tcx-onboarding-portal\\data\\configs.json'
2025-10-09 12:10:25 +05:30: }
2025-10-09 12:10:33 +05:30: Error: ENOENT: no such file or directory, open 'D:\Repo\tcx-onboarding-portal\data\configs.json'
2025-10-09 12:10:33 +05:30:     at Object.readFileSync (node:fs:441:20)
2025-10-09 12:10:33 +05:30:     at file:///D:/Repo/tcx-onboarding-portal/backend/terminalServer.js:22:30
2025-10-09 12:10:33 +05:30:     at ModuleJob.run (node:internal/modules/esm/module_job:345:25)
2025-10-09 12:10:33 +05:30:     at process.processTicksAndRejections (node:internal/process/task_queues:105:5)
2025-10-09 12:10:33 +05:30:     at async onImport.tracePromise.__proto__ (node:internal/modules/esm/loader:651:26) {
2025-10-09 12:10:33 +05:30:   errno: -4058,
2025-10-09 12:10:33 +05:30:   code: 'ENOENT',
2025-10-09 12:10:33 +05:30:   syscall: 'open',
2025-10-09 12:10:33 +05:30:   path: 'D:\\Repo\\tcx-onboarding-portal\\data\\configs.json'
2025-10-09 12:10:33 +05:30: }
2025-10-09 12:10:42 +05:30: Error: ENOENT: no such file or directory, open 'D:\Repo\tcx-onboarding-portal\data\configs.json'
2025-10-09 12:10:42 +05:30:     at Object.readFileSync (node:fs:441:20)
2025-10-09 12:10:42 +05:30:     at file:///D:/Repo/tcx-onboarding-portal/backend/terminalServer.js:22:30
2025-10-09 12:10:42 +05:30:     at ModuleJob.run (node:internal/modules/esm/module_job:345:25)
2025-10-09 12:10:42 +05:30:     at process.processTicksAndRejections (node:internal/process/task_queues:105:5)
2025-10-09 12:10:42 +05:30:     at async onImport.tracePromise.__proto__ (node:internal/modules/esm/loader:651:26) {
2025-10-09 12:10:42 +05:30:   errno: -4058,
2025-10-09 12:10:42 +05:30:   code: 'ENOENT',
2025-10-09 12:10:42 +05:30:   syscall: 'open',
2025-10-09 12:10:42 +05:30:   path: 'D:\\Repo\\tcx-onboarding-portal\\data\\configs.json'
2025-10-09 12:10:42 +05:30: }
