{"timestamp":"2025-12-16 12:05:16","level":"info","message":"[Ansible Worker] Ansible Trigger Worker started."}
{"timestamp":"2025-12-16 12:05:16","level":"info","message":"MongoDB connected successfully on localhost."}
{"timestamp":"2025-12-16 12:05:16","level":"info","message":"[Ansible Worker] ⚙️  Processing job 6940fbab27490e60a0cb36db (Tenant: nd6kok5r)"}
{"timestamp":"2025-12-16 12:05:16","level":"info","message":"[Ansible Worker] Processing deploy job for environment 6940fb6146148b3c3d24c172"}
{"timestamp":"2025-12-16 12:05:16","level":"info","message":"[Ansible Worker] Built Ansible Tower job payload for environment 6940fb6146148b3c3d24c172"}
{"timestamp":"2025-12-16 12:05:18","level":"error","message":"[Ansible Worker] Error processing environment/edit/destroy job for environment 6940fb6146148b3c3d24c172: Request failed with status code 400"}
{"timestamp":"2025-12-16 12:05:18","level":"info","message":"[Ansible Worker] Incremented exception count to 1"}
{"timestamp":"2025-12-16 12:05:19","level":"info","message":"[Ansible Worker] Processing deploy job for environment 6940fb6146148b3c3d24c172"}
{"timestamp":"2025-12-16 12:05:19","level":"info","message":"[Ansible Worker] Built Ansible Tower job payload for environment 6940fb6146148b3c3d24c172"}
{"timestamp":"2025-12-16 12:05:20","level":"error","message":"[Ansible Worker] Error processing environment/edit/destroy job for environment 6940fb6146148b3c3d24c172: Request failed with status code 400"}
{"timestamp":"2025-12-16 12:05:20","level":"info","message":"[Ansible Worker] Incremented exception count to 2"}
{"timestamp":"2025-12-16 12:05:21","level":"info","message":"[Ansible Worker] Processing deploy job for environment 6940fb6146148b3c3d24c172"}
{"timestamp":"2025-12-16 12:05:21","level":"info","message":"[Ansible Worker] Built Ansible Tower job payload for environment 6940fb6146148b3c3d24c172"}
{"timestamp":"2025-12-16 12:05:37","level":"info","message":"[Ansible Worker] Ansible Trigger Worker started."}
{"timestamp":"2025-12-16 12:05:37","level":"info","message":"MongoDB connected successfully on localhost."}
{"timestamp":"2025-12-16 12:05:37","level":"info","message":"[Ansible Worker] ⚙️  Processing job 6940fbab27490e60a0cb36db (Tenant: nd6kok5r)"}
{"timestamp":"2025-12-16 12:05:37","level":"info","message":"[Ansible Worker] Processing deploy job for environment 6940fb6146148b3c3d24c172"}
{"timestamp":"2025-12-16 12:05:37","level":"info","message":"[Ansible Worker] Built Ansible Tower job payload for environment 6940fb6146148b3c3d24c172"}
{"timestamp":"2025-12-16 12:05:38","level":"error","message":"[Ansible Worker] Error processing environment/edit/destroy job for environment 6940fb6146148b3c3d24c172: Request failed with status code 400"}
{"timestamp":"2025-12-16 12:05:39","level":"info","message":"[Ansible Worker] Incremented exception count to 3"}
{"timestamp":"2025-12-16 12:05:40","level":"info","message":"[Ansible Worker] Processing deploy job for environment 6940fb6146148b3c3d24c172"}
{"timestamp":"2025-12-16 12:05:40","level":"info","message":"[Ansible Worker] Built Ansible Tower job payload for environment 6940fb6146148b3c3d24c172"}
{"timestamp":"2025-12-16 12:05:40","level":"error","message":"[Ansible Worker] Error processing environment/edit/destroy job for environment 6940fb6146148b3c3d24c172: Request failed with status code 400"}
{"timestamp":"2025-12-16 12:05:40","level":"info","message":"[Ansible Worker] Incremented exception count to 4"}
{"timestamp":"2025-12-16 12:05:41","level":"info","message":"[Ansible Worker] Processing deploy job for environment 6940fb6146148b3c3d24c172"}
{"timestamp":"2025-12-16 12:05:41","level":"info","message":"[Ansible Worker] Built Ansible Tower job payload for environment 6940fb6146148b3c3d24c172"}
{"timestamp":"2025-12-16 12:05:42","level":"error","message":"[Ansible Worker] Error processing environment/edit/destroy job for environment 6940fb6146148b3c3d24c172: Request failed with status code 400"}
{"timestamp":"2025-12-16 12:05:42","level":"info","message":"[Ansible Worker] Incremented exception count to 5"}
{"timestamp":"2025-12-16 12:05:43","level":"info","message":"[Ansible Worker] Processing deploy job for environment 6940fb6146148b3c3d24c172"}
{"timestamp":"2025-12-16 12:05:43","level":"info","message":"[Ansible Worker] Built Ansible Tower job payload for environment 6940fb6146148b3c3d24c172"}
{"timestamp":"2025-12-16 12:05:44","level":"error","message":"[Ansible Worker] Error processing environment/edit/destroy job for environment 6940fb6146148b3c3d24c172: Request failed with status code 400"}
{"timestamp":"2025-12-16 12:05:44","level":"info","message":"[Ansible Worker] Incremented exception count to 6"}
{"timestamp":"2025-12-16 12:05:45","level":"info","message":"[Ansible Worker] Processing deploy job for environment 6940fb6146148b3c3d24c172"}
{"timestamp":"2025-12-16 12:05:45","level":"info","message":"[Ansible Worker] Built Ansible Tower job payload for environment 6940fb6146148b3c3d24c172"}
{"timestamp":"2025-12-16 12:05:46","level":"error","message":"[Ansible Worker] Error processing environment/edit/destroy job for environment 6940fb6146148b3c3d24c172: Request failed with status code 400"}
{"timestamp":"2025-12-16 12:05:46","level":"info","message":"[Ansible Worker] Incremented exception count to 7"}
{"timestamp":"2025-12-16 12:05:47","level":"info","message":"[Ansible Worker] Processing deploy job for environment 6940fb6146148b3c3d24c172"}
{"timestamp":"2025-12-16 12:05:47","level":"info","message":"[Ansible Worker] Built Ansible Tower job payload for environment 6940fb6146148b3c3d24c172"}
{"timestamp":"2025-12-16 12:05:47","level":"error","message":"[Ansible Worker] Error processing environment/edit/destroy job for environment 6940fb6146148b3c3d24c172: Request failed with status code 400"}
{"timestamp":"2025-12-16 12:05:47","level":"info","message":"[Ansible Worker] Incremented exception count to 8"}
{"timestamp":"2025-12-16 12:05:48","level":"info","message":"[Ansible Worker] Processing deploy job for environment 6940fb6146148b3c3d24c172"}
{"timestamp":"2025-12-16 12:05:48","level":"info","message":"[Ansible Worker] Built Ansible Tower job payload for environment 6940fb6146148b3c3d24c172"}
{"timestamp":"2025-12-16 12:05:49","level":"error","message":"[Ansible Worker] Error processing environment/edit/destroy job for environment 6940fb6146148b3c3d24c172: Request failed with status code 400"}
{"timestamp":"2025-12-16 12:05:49","level":"info","message":"[Ansible Worker] Incremented exception count to 9"}
{"timestamp":"2025-12-16 12:07:04","level":"info","message":"[Ansible Worker] Ansible Trigger Worker started."}
{"timestamp":"2025-12-16 12:07:04","level":"info","message":"MongoDB connected successfully on localhost."}
{"timestamp":"2025-12-16 12:07:04","level":"info","message":"[Ansible Worker] ⚙️  Processing job 6940fbab27490e60a0cb36db (Tenant: nd6kok5r)"}
{"timestamp":"2025-12-16 12:07:04","level":"info","message":"[Ansible Worker] Processing deploy job for environment 6940fb6146148b3c3d24c172"}
{"timestamp":"2025-12-16 12:07:04","level":"info","message":"[Ansible Worker] Built Ansible Tower job payload for environment 6940fb6146148b3c3d24c172"}
{"timestamp":"2025-12-16 12:07:06","level":"error","message":"[Ansible Worker] Error processing environment/edit/destroy job for environment 6940fb6146148b3c3d24c172: Request failed with status code 400"}
{"timestamp":"2025-12-16 12:07:06","level":"info","message":"[Ansible Worker] Incremented exception count to 10"}
{"timestamp":"2025-12-16 12:07:06","level":"info","message":"[Ansible Worker] Job marked as failed after 10 exceptions"}
{"timestamp":"2025-12-16 12:08:28","level":"info","message":"[Ansible Worker] Ansible Trigger Worker started."}
{"timestamp":"2025-12-16 12:08:28","level":"info","message":"MongoDB connected successfully on localhost."}
{"timestamp":"2025-12-16 12:08:28","level":"info","message":"[Ansible Worker] ⚙️  Processing job 6940fbab27490e60a0cb36db (Tenant: nd6kok5r)"}
{"timestamp":"2025-12-16 12:08:28","level":"info","message":"[Ansible Worker] Processing deploy job for environment 6940fb6146148b3c3d24c172"}
{"timestamp":"2025-12-16 12:08:28","level":"info","message":"[Ansible Worker] Built Ansible Tower job payload for environment 6940fb6146148b3c3d24c172"}
{"timestamp":"2025-12-16 12:08:30","level":"error","message":"[Ansible Worker] Error processing environment/edit/destroy job for environment 6940fb6146148b3c3d24c172: Request failed with status code 400"}
{"timestamp":"2025-12-16 12:08:30","level":"info","message":"[Ansible Worker] Incremented exception count to 11"}
{"timestamp":"2025-12-16 12:08:30","level":"info","message":"[Ansible Worker] Job marked as failed after 10 exceptions"}
{"timestamp":"2025-12-16 12:38:51","level":"info","message":"[Ansible Worker] ⚙️  Processing job 6941057dc326c5e05c1fd3e1 (Tenant: nd6kok5r)"}
{"timestamp":"2025-12-16 12:38:51","level":"info","message":"[Ansible Worker] Processing deploy job for environment 6940fb6146148b3c3d24c172"}
{"timestamp":"2025-12-16 12:38:51","level":"info","message":"[Ansible Worker] Built Ansible Tower job payload for environment 6940fb6146148b3c3d24c172"}
{"timestamp":"2025-12-16 12:38:53","level":"error","message":"[Ansible Worker] Error processing environment/edit/destroy job for environment 6940fb6146148b3c3d24c172: Request failed with status code 400"}
{"timestamp":"2025-12-16 12:38:53","level":"info","message":"[Ansible Worker] Incremented exception count to 1"}
{"timestamp":"2025-12-16 12:38:54","level":"info","message":"[Ansible Worker] Processing deploy job for environment 6940fb6146148b3c3d24c172"}
{"timestamp":"2025-12-16 12:38:54","level":"info","message":"[Ansible Worker] Built Ansible Tower job payload for environment 6940fb6146148b3c3d24c172"}
{"timestamp":"2025-12-16 12:38:54","level":"error","message":"[Ansible Worker] Error processing environment/edit/destroy job for environment 6940fb6146148b3c3d24c172: Request failed with status code 400"}
{"timestamp":"2025-12-16 12:38:54","level":"info","message":"[Ansible Worker] Incremented exception count to 2"}
{"timestamp":"2025-12-16 12:38:55","level":"info","message":"[Ansible Worker] Processing deploy job for environment 6940fb6146148b3c3d24c172"}
{"timestamp":"2025-12-16 12:38:55","level":"info","message":"[Ansible Worker] Built Ansible Tower job payload for environment 6940fb6146148b3c3d24c172"}
{"timestamp":"2025-12-16 12:38:56","level":"error","message":"[Ansible Worker] Error processing environment/edit/destroy job for environment 6940fb6146148b3c3d24c172: Request failed with status code 400"}
{"timestamp":"2025-12-16 12:38:56","level":"info","message":"[Ansible Worker] Incremented exception count to 3"}
{"timestamp":"2025-12-16 12:38:57","level":"info","message":"[Ansible Worker] Processing deploy job for environment 6940fb6146148b3c3d24c172"}
{"timestamp":"2025-12-16 12:38:57","level":"info","message":"[Ansible Worker] Built Ansible Tower job payload for environment 6940fb6146148b3c3d24c172"}
{"timestamp":"2025-12-16 12:38:58","level":"error","message":"[Ansible Worker] Error processing environment/edit/destroy job for environment 6940fb6146148b3c3d24c172: Request failed with status code 400"}
{"timestamp":"2025-12-16 12:38:58","level":"info","message":"[Ansible Worker] Incremented exception count to 4"}
{"timestamp":"2025-12-16 12:38:59","level":"info","message":"[Ansible Worker] Processing deploy job for environment 6940fb6146148b3c3d24c172"}
{"timestamp":"2025-12-16 12:38:59","level":"info","message":"[Ansible Worker] Built Ansible Tower job payload for environment 6940fb6146148b3c3d24c172"}
{"timestamp":"2025-12-16 12:39:00","level":"error","message":"[Ansible Worker] Error processing environment/edit/destroy job for environment 6940fb6146148b3c3d24c172: Request failed with status code 400"}
{"timestamp":"2025-12-16 12:39:00","level":"info","message":"[Ansible Worker] Incremented exception count to 5"}
{"timestamp":"2025-12-16 12:39:01","level":"info","message":"[Ansible Worker] Processing deploy job for environment 6940fb6146148b3c3d24c172"}
{"timestamp":"2025-12-16 12:39:01","level":"info","message":"[Ansible Worker] Built Ansible Tower job payload for environment 6940fb6146148b3c3d24c172"}
{"timestamp":"2025-12-16 12:39:01","level":"info","message":"[Ansible Worker] ⚙️  Processing job 6941057dc326c5e05c1fd3e1 (Tenant: nd6kok5r)"}
{"timestamp":"2025-12-16 12:39:01","level":"info","message":"[Ansible Worker] Processing deploy job for environment 6940fb6146148b3c3d24c172"}
{"timestamp":"2025-12-16 12:39:01","level":"info","message":"[Ansible Worker] Built Ansible Tower job payload for environment 6940fb6146148b3c3d24c172"}
{"timestamp":"2025-12-16 12:39:02","level":"error","message":"[Ansible Worker] Error processing environment/edit/destroy job for environment 6940fb6146148b3c3d24c172: Request failed with status code 400"}
{"timestamp":"2025-12-16 12:39:02","level":"info","message":"[Ansible Worker] Incremented exception count to 6"}
{"timestamp":"2025-12-16 12:39:03","level":"error","message":"[Ansible Worker] Error processing environment/edit/destroy job for environment 6940fb6146148b3c3d24c172: Request failed with status code 400"}
{"timestamp":"2025-12-16 12:39:03","level":"info","message":"[Ansible Worker] Incremented exception count to 6"}
{"timestamp":"2025-12-16 12:39:03","level":"info","message":"[Ansible Worker] Processing deploy job for environment 6940fb6146148b3c3d24c172"}
{"timestamp":"2025-12-16 12:39:03","level":"info","message":"[Ansible Worker] Built Ansible Tower job payload for environment 6940fb6146148b3c3d24c172"}
{"timestamp":"2025-12-16 12:39:04","level":"error","message":"[Ansible Worker] Error processing environment/edit/destroy job for environment 6940fb6146148b3c3d24c172: Request failed with status code 400"}
{"timestamp":"2025-12-16 12:39:04","level":"info","message":"[Ansible Worker] Incremented exception count to 7"}
{"timestamp":"2025-12-16 12:39:04","level":"info","message":"[Ansible Worker] Processing deploy job for environment 6940fb6146148b3c3d24c172"}
{"timestamp":"2025-12-16 12:39:04","level":"info","message":"[Ansible Worker] Built Ansible Tower job payload for environment 6940fb6146148b3c3d24c172"}
{"timestamp":"2025-12-16 12:39:04","level":"error","message":"[Ansible Worker] Error processing environment/edit/destroy job for environment 6940fb6146148b3c3d24c172: Request failed with status code 400"}
{"timestamp":"2025-12-16 12:39:04","level":"info","message":"[Ansible Worker] Incremented exception count to 7"}
{"timestamp":"2025-12-16 12:39:05","level":"info","message":"[Ansible Worker] Processing deploy job for environment 6940fb6146148b3c3d24c172"}
{"timestamp":"2025-12-16 12:39:05","level":"info","message":"[Ansible Worker] Built Ansible Tower job payload for environment 6940fb6146148b3c3d24c172"}
{"timestamp":"2025-12-16 12:39:05","level":"error","message":"[Ansible Worker] Error processing environment/edit/destroy job for environment 6940fb6146148b3c3d24c172: Request failed with status code 400"}
{"timestamp":"2025-12-16 12:39:05","level":"info","message":"[Ansible Worker] Incremented exception count to 8"}
{"timestamp":"2025-12-16 12:39:05","level":"info","message":"[Ansible Worker] Processing deploy job for environment 6940fb6146148b3c3d24c172"}
{"timestamp":"2025-12-16 12:39:05","level":"info","message":"[Ansible Worker] Built Ansible Tower job payload for environment 6940fb6146148b3c3d24c172"}
{"timestamp":"2025-12-16 12:39:06","level":"error","message":"[Ansible Worker] Error processing environment/edit/destroy job for environment 6940fb6146148b3c3d24c172: Request failed with status code 400"}
{"timestamp":"2025-12-16 12:39:06","level":"info","message":"[Ansible Worker] Incremented exception count to 8"}
{"timestamp":"2025-12-16 12:39:06","level":"info","message":"[Ansible Worker] Processing deploy job for environment 6940fb6146148b3c3d24c172"}
{"timestamp":"2025-12-16 12:39:06","level":"info","message":"[Ansible Worker] Built Ansible Tower job payload for environment 6940fb6146148b3c3d24c172"}
{"timestamp":"2025-12-16 12:39:07","level":"error","message":"[Ansible Worker] Error processing environment/edit/destroy job for environment 6940fb6146148b3c3d24c172: Request failed with status code 400"}
{"timestamp":"2025-12-16 12:39:07","level":"info","message":"[Ansible Worker] Incremented exception count to 9"}
{"timestamp":"2025-12-16 12:39:07","level":"info","message":"[Ansible Worker] Processing deploy job for environment 6940fb6146148b3c3d24c172"}
{"timestamp":"2025-12-16 12:39:07","level":"info","message":"[Ansible Worker] Built Ansible Tower job payload for environment 6940fb6146148b3c3d24c172"}
{"timestamp":"2025-12-16 12:39:08","level":"error","message":"[Ansible Worker] Error processing environment/edit/destroy job for environment 6940fb6146148b3c3d24c172: Request failed with status code 400"}
{"timestamp":"2025-12-16 12:39:08","level":"info","message":"[Ansible Worker] Incremented exception count to 9"}
{"timestamp":"2025-12-16 12:39:08","level":"info","message":"[Ansible Worker] Processing deploy job for environment 6940fb6146148b3c3d24c172"}
{"timestamp":"2025-12-16 12:39:08","level":"info","message":"[Ansible Worker] Built Ansible Tower job payload for environment 6940fb6146148b3c3d24c172"}
{"timestamp":"2025-12-16 12:39:09","level":"error","message":"[Ansible Worker] Error processing environment/edit/destroy job for environment 6940fb6146148b3c3d24c172: Request failed with status code 400"}
{"timestamp":"2025-12-16 12:39:09","level":"info","message":"[Ansible Worker] Incremented exception count to 10"}
{"timestamp":"2025-12-16 12:39:09","level":"info","message":"[Ansible Worker] Job marked as failed after 10 exceptions"}
{"timestamp":"2025-12-16 12:39:09","level":"info","message":"[Ansible Worker] Processing deploy job for environment 6940fb6146148b3c3d24c172"}
{"timestamp":"2025-12-16 12:39:09","level":"info","message":"[Ansible Worker] Built Ansible Tower job payload for environment 6940fb6146148b3c3d24c172"}
{"timestamp":"2025-12-16 12:39:10","level":"error","message":"[Ansible Worker] Error processing environment/edit/destroy job for environment 6940fb6146148b3c3d24c172: Request failed with status code 400"}
{"timestamp":"2025-12-16 12:39:10","level":"info","message":"[Ansible Worker] Incremented exception count to 10"}
{"timestamp":"2025-12-16 12:39:10","level":"info","message":"[Ansible Worker] Job marked as failed after 10 exceptions"}
{"timestamp":"2025-12-16 12:40:11","level":"info","message":"[Ansible Worker] ⚙️  Processing job 694105ce2e05979f780332fb (Tenant: nd6kok5r)"}
{"timestamp":"2025-12-16 12:40:11","level":"info","message":"[Ansible Worker] Processing deploy job for environment 6940fb6146148b3c3d24c172"}
{"timestamp":"2025-12-16 12:40:11","level":"info","message":"[Ansible Worker] Built Ansible Tower job payload for environment 6940fb6146148b3c3d24c172"}
{"timestamp":"2025-12-16 12:40:13","level":"error","message":"[Ansible Worker] Error processing environment/edit/destroy job for environment 6940fb6146148b3c3d24c172: Request failed with status code 400"}
{"timestamp":"2025-12-16 12:40:13","level":"info","message":"[Ansible Worker] Incremented exception count to 1"}
{"timestamp":"2025-12-16 12:40:14","level":"info","message":"[Ansible Worker] Processing deploy job for environment 6940fb6146148b3c3d24c172"}
{"timestamp":"2025-12-16 12:40:14","level":"info","message":"[Ansible Worker] Built Ansible Tower job payload for environment 6940fb6146148b3c3d24c172"}
{"timestamp":"2025-12-16 12:40:14","level":"error","message":"[Ansible Worker] Error processing environment/edit/destroy job for environment 6940fb6146148b3c3d24c172: Request failed with status code 400"}
{"timestamp":"2025-12-16 12:40:14","level":"info","message":"[Ansible Worker] Incremented exception count to 2"}
{"timestamp":"2025-12-16 12:40:15","level":"info","message":"[Ansible Worker] Processing deploy job for environment 6940fb6146148b3c3d24c172"}
{"timestamp":"2025-12-16 12:40:15","level":"info","message":"[Ansible Worker] Built Ansible Tower job payload for environment 6940fb6146148b3c3d24c172"}
{"timestamp":"2025-12-16 12:40:16","level":"error","message":"[Ansible Worker] Error processing environment/edit/destroy job for environment 6940fb6146148b3c3d24c172: Request failed with status code 400"}
{"timestamp":"2025-12-16 12:40:16","level":"info","message":"[Ansible Worker] Incremented exception count to 3"}
{"timestamp":"2025-12-16 12:40:17","level":"info","message":"[Ansible Worker] Processing deploy job for environment 6940fb6146148b3c3d24c172"}
{"timestamp":"2025-12-16 12:40:17","level":"info","message":"[Ansible Worker] Built Ansible Tower job payload for environment 6940fb6146148b3c3d24c172"}
{"timestamp":"2025-12-16 12:40:19","level":"error","message":"[Ansible Worker] Error processing environment/edit/destroy job for environment 6940fb6146148b3c3d24c172: Request failed with status code 400"}
{"timestamp":"2025-12-16 12:40:19","level":"info","message":"[Ansible Worker] Incremented exception count to 4"}
{"timestamp":"2025-12-16 12:40:20","level":"info","message":"[Ansible Worker] Processing deploy job for environment 6940fb6146148b3c3d24c172"}
{"timestamp":"2025-12-16 12:40:20","level":"info","message":"[Ansible Worker] Built Ansible Tower job payload for environment 6940fb6146148b3c3d24c172"}
{"timestamp":"2025-12-16 12:40:20","level":"error","message":"[Ansible Worker] Error processing environment/edit/destroy job for environment 6940fb6146148b3c3d24c172: Request failed with status code 400"}
{"timestamp":"2025-12-16 12:40:20","level":"info","message":"[Ansible Worker] Incremented exception count to 5"}
{"timestamp":"2025-12-16 12:40:21","level":"info","message":"[Ansible Worker] ⚙️  Processing job 694105ce2e05979f780332fb (Tenant: nd6kok5r)"}
{"timestamp":"2025-12-16 12:40:21","level":"info","message":"[Ansible Worker] Processing deploy job for environment 6940fb6146148b3c3d24c172"}
{"timestamp":"2025-12-16 12:40:21","level":"info","message":"[Ansible Worker] Built Ansible Tower job payload for environment 6940fb6146148b3c3d24c172"}
{"timestamp":"2025-12-16 12:40:21","level":"info","message":"[Ansible Worker] Processing deploy job for environment 6940fb6146148b3c3d24c172"}
{"timestamp":"2025-12-16 12:40:21","level":"info","message":"[Ansible Worker] Built Ansible Tower job payload for environment 6940fb6146148b3c3d24c172"}
{"timestamp":"2025-12-16 12:40:22","level":"error","message":"[Ansible Worker] Error processing environment/edit/destroy job for environment 6940fb6146148b3c3d24c172: Request failed with status code 400"}
{"timestamp":"2025-12-16 12:40:22","level":"info","message":"[Ansible Worker] Incremented exception count to 6"}
{"timestamp":"2025-12-16 12:40:23","level":"info","message":"[Ansible Worker] Processing deploy job for environment 6940fb6146148b3c3d24c172"}
{"timestamp":"2025-12-16 12:40:23","level":"info","message":"[Ansible Worker] Built Ansible Tower job payload for environment 6940fb6146148b3c3d24c172"}
{"timestamp":"2025-12-16 12:40:23","level":"error","message":"[Ansible Worker] Error processing environment/edit/destroy job for environment 6940fb6146148b3c3d24c172: Request failed with status code 400"}
{"timestamp":"2025-12-16 12:40:23","level":"info","message":"[Ansible Worker] Incremented exception count to 6"}
{"timestamp":"2025-12-16 12:40:24","level":"error","message":"[Ansible Worker] Error processing environment/edit/destroy job for environment 6940fb6146148b3c3d24c172: Request failed with status code 400"}
{"timestamp":"2025-12-16 12:40:24","level":"info","message":"[Ansible Worker] Incremented exception count to 7"}
{"timestamp":"2025-12-16 12:40:24","level":"info","message":"[Ansible Worker] Processing deploy job for environment 6940fb6146148b3c3d24c172"}
{"timestamp":"2025-12-16 12:40:24","level":"info","message":"[Ansible Worker] Built Ansible Tower job payload for environment 6940fb6146148b3c3d24c172"}
{"timestamp":"2025-12-16 12:40:25","level":"info","message":"[Ansible Worker] Processing deploy job for environment 6940fb6146148b3c3d24c172"}
{"timestamp":"2025-12-16 12:40:25","level":"info","message":"[Ansible Worker] Built Ansible Tower job payload for environment 6940fb6146148b3c3d24c172"}
{"timestamp":"2025-12-16 12:40:25","level":"error","message":"[Ansible Worker] Error processing environment/edit/destroy job for environment 6940fb6146148b3c3d24c172: Request failed with status code 400"}
{"timestamp":"2025-12-16 12:40:25","level":"info","message":"[Ansible Worker] Incremented exception count to 7"}
{"timestamp":"2025-12-16 12:40:25","level":"error","message":"[Ansible Worker] Error processing environment/edit/destroy job for environment 6940fb6146148b3c3d24c172: Request failed with status code 400"}
{"timestamp":"2025-12-16 12:40:25","level":"info","message":"[Ansible Worker] Incremented exception count to 8"}
{"timestamp":"2025-12-16 12:40:26","level":"info","message":"[Ansible Worker] Processing deploy job for environment 6940fb6146148b3c3d24c172"}
{"timestamp":"2025-12-16 12:40:26","level":"info","message":"[Ansible Worker] Built Ansible Tower job payload for environment 6940fb6146148b3c3d24c172"}
{"timestamp":"2025-12-16 12:40:26","level":"info","message":"[Ansible Worker] Processing deploy job for environment 6940fb6146148b3c3d24c172"}
{"timestamp":"2025-12-16 12:40:26","level":"info","message":"[Ansible Worker] Built Ansible Tower job payload for environment 6940fb6146148b3c3d24c172"}
{"timestamp":"2025-12-16 12:40:26","level":"error","message":"[Ansible Worker] Error processing environment/edit/destroy job for environment 6940fb6146148b3c3d24c172: Request failed with status code 400"}
{"timestamp":"2025-12-16 12:40:26","level":"info","message":"[Ansible Worker] Incremented exception count to 8"}
{"timestamp":"2025-12-16 12:40:27","level":"error","message":"[Ansible Worker] Error processing environment/edit/destroy job for environment 6940fb6146148b3c3d24c172: Request failed with status code 400"}
{"timestamp":"2025-12-16 12:40:27","level":"info","message":"[Ansible Worker] Incremented exception count to 9"}
{"timestamp":"2025-12-16 12:40:27","level":"info","message":"[Ansible Worker] Processing deploy job for environment 6940fb6146148b3c3d24c172"}
{"timestamp":"2025-12-16 12:40:27","level":"info","message":"[Ansible Worker] Built Ansible Tower job payload for environment 6940fb6146148b3c3d24c172"}
{"timestamp":"2025-12-16 12:40:28","level":"info","message":"[Ansible Worker] Processing deploy job for environment 6940fb6146148b3c3d24c172"}
{"timestamp":"2025-12-16 12:40:28","level":"info","message":"[Ansible Worker] Built Ansible Tower job payload for environment 6940fb6146148b3c3d24c172"}
{"timestamp":"2025-12-16 12:40:28","level":"error","message":"[Ansible Worker] Error processing environment/edit/destroy job for environment 6940fb6146148b3c3d24c172: Request failed with status code 400"}
{"timestamp":"2025-12-16 12:40:28","level":"info","message":"[Ansible Worker] Incremented exception count to 9"}
{"timestamp":"2025-12-16 12:40:29","level":"error","message":"[Ansible Worker] Error processing environment/edit/destroy job for environment 6940fb6146148b3c3d24c172: Request failed with status code 400"}
{"timestamp":"2025-12-16 12:40:29","level":"info","message":"[Ansible Worker] Incremented exception count to 10"}
{"timestamp":"2025-12-16 12:40:29","level":"info","message":"[Ansible Worker] Job marked as failed after 10 exceptions"}
{"timestamp":"2025-12-16 12:40:29","level":"info","message":"[Ansible Worker] Processing deploy job for environment 6940fb6146148b3c3d24c172"}
{"timestamp":"2025-12-16 12:40:29","level":"info","message":"[Ansible Worker] Built Ansible Tower job payload for environment 6940fb6146148b3c3d24c172"}
{"timestamp":"2025-12-16 12:40:30","level":"error","message":"[Ansible Worker] Error processing environment/edit/destroy job for environment 6940fb6146148b3c3d24c172: Request failed with status code 400"}
{"timestamp":"2025-12-16 12:40:30","level":"info","message":"[Ansible Worker] Incremented exception count to 10"}
{"timestamp":"2025-12-16 12:40:30","level":"info","message":"[Ansible Worker] Job marked as failed after 10 exceptions"}
