{"timestamp":"2025-12-16 12:41:56","level":"info","message":"[Ansible Worker] Ansible Trigger Worker started."}
{"timestamp":"2025-12-16 12:41:56","level":"info","message":"MongoDB connected successfully on localhost."}
{"timestamp":"2025-12-16 12:41:56","level":"info","message":"[Ansible Worker] ⚙️  Processing job 6941062bd25d8da4425494d9 (Tenant: nd6kok5r)"}
{"timestamp":"2025-12-16 12:41:56","level":"info","message":"[Ansible Worker] Processing deploy job for environment 6940fb6146148b3c3d24c172"}
{"timestamp":"2025-12-16 12:41:56","level":"info","message":"[Ansible Worker] Built Ansible Tower job payload for environment 6940fb6146148b3c3d24c172"}
{"timestamp":"2025-12-16 12:41:57","level":"error","message":"[Ansible Worker] Error processing environment/edit/destroy job for environment 6940fb6146148b3c3d24c172: Request failed with status code 400"}
{"timestamp":"2025-12-16 12:41:57","level":"info","message":"[Ansible Worker] Incremented exception count to 1"}
{"timestamp":"2025-12-16 12:41:58","level":"info","message":"[Ansible Worker] Processing deploy job for environment 6940fb6146148b3c3d24c172"}
{"timestamp":"2025-12-16 12:41:58","level":"info","message":"[Ansible Worker] Built Ansible Tower job payload for environment 6940fb6146148b3c3d24c172"}
{"timestamp":"2025-12-16 12:41:59","level":"error","message":"[Ansible Worker] Error processing environment/edit/destroy job for environment 6940fb6146148b3c3d24c172: Request failed with status code 400"}
{"timestamp":"2025-12-16 12:41:59","level":"info","message":"[Ansible Worker] Incremented exception count to 2"}
{"timestamp":"2025-12-16 12:42:00","level":"info","message":"[Ansible Worker] Processing deploy job for environment 6940fb6146148b3c3d24c172"}
{"timestamp":"2025-12-16 12:42:00","level":"info","message":"[Ansible Worker] Built Ansible Tower job payload for environment 6940fb6146148b3c3d24c172"}
{"timestamp":"2025-12-16 12:42:01","level":"error","message":"[Ansible Worker] Error processing environment/edit/destroy job for environment 6940fb6146148b3c3d24c172: Request failed with status code 400"}
{"timestamp":"2025-12-16 12:42:01","level":"info","message":"[Ansible Worker] Incremented exception count to 3"}
{"timestamp":"2025-12-16 12:42:02","level":"info","message":"[Ansible Worker] Processing deploy job for environment 6940fb6146148b3c3d24c172"}
{"timestamp":"2025-12-16 12:42:02","level":"info","message":"[Ansible Worker] Built Ansible Tower job payload for environment 6940fb6146148b3c3d24c172"}
{"timestamp":"2025-12-16 12:42:15","level":"info","message":"[Ansible Worker] Ansible Trigger Worker started."}
{"timestamp":"2025-12-16 12:42:15","level":"info","message":"MongoDB connected successfully on localhost."}
{"timestamp":"2025-12-16 12:42:15","level":"info","message":"[Ansible Worker] ⚙️  Processing job 6941062bd25d8da4425494d9 (Tenant: nd6kok5r)"}
{"timestamp":"2025-12-16 12:42:15","level":"info","message":"[Ansible Worker] Processing deploy job for environment 6940fb6146148b3c3d24c172"}
{"timestamp":"2025-12-16 12:42:15","level":"info","message":"[Ansible Worker] Built Ansible Tower job payload for environment 6940fb6146148b3c3d24c172"}
{"timestamp":"2025-12-16 12:42:17","level":"error","message":"[Ansible Worker] Error processing environment/edit/destroy job for environment 6940fb6146148b3c3d24c172: Request failed with status code 400"}
{"timestamp":"2025-12-16 12:42:17","level":"info","message":"[Ansible Worker] Incremented exception count to 4"}
{"timestamp":"2025-12-16 12:42:18","level":"info","message":"[Ansible Worker] Processing deploy job for environment 6940fb6146148b3c3d24c172"}
{"timestamp":"2025-12-16 12:42:18","level":"info","message":"[Ansible Worker] Built Ansible Tower job payload for environment 6940fb6146148b3c3d24c172"}
{"timestamp":"2025-12-16 12:42:19","level":"error","message":"[Ansible Worker] Error processing environment/edit/destroy job for environment 6940fb6146148b3c3d24c172: Request failed with status code 400"}
{"timestamp":"2025-12-16 12:42:19","level":"info","message":"[Ansible Worker] Incremented exception count to 5"}
{"timestamp":"2025-12-16 12:42:20","level":"info","message":"[Ansible Worker] Processing deploy job for environment 6940fb6146148b3c3d24c172"}
{"timestamp":"2025-12-16 12:42:20","level":"info","message":"[Ansible Worker] Built Ansible Tower job payload for environment 6940fb6146148b3c3d24c172"}
{"timestamp":"2025-12-16 12:42:20","level":"error","message":"[Ansible Worker] Error processing environment/edit/destroy job for environment 6940fb6146148b3c3d24c172: Request failed with status code 400"}
{"timestamp":"2025-12-16 12:42:20","level":"info","message":"[Ansible Worker] Incremented exception count to 6"}
{"timestamp":"2025-12-16 12:42:21","level":"info","message":"[Ansible Worker] Processing deploy job for environment 6940fb6146148b3c3d24c172"}
{"timestamp":"2025-12-16 12:42:21","level":"info","message":"[Ansible Worker] Built Ansible Tower job payload for environment 6940fb6146148b3c3d24c172"}
{"timestamp":"2025-12-16 12:42:22","level":"error","message":"[Ansible Worker] Error processing environment/edit/destroy job for environment 6940fb6146148b3c3d24c172: Request failed with status code 400"}
{"timestamp":"2025-12-16 12:42:22","level":"info","message":"[Ansible Worker] Incremented exception count to 7"}
{"timestamp":"2025-12-16 12:42:23","level":"info","message":"[Ansible Worker] Processing deploy job for environment 6940fb6146148b3c3d24c172"}
{"timestamp":"2025-12-16 12:42:23","level":"info","message":"[Ansible Worker] Built Ansible Tower job payload for environment 6940fb6146148b3c3d24c172"}
{"timestamp":"2025-12-16 12:42:24","level":"error","message":"[Ansible Worker] Error processing environment/edit/destroy job for environment 6940fb6146148b3c3d24c172: Request failed with status code 400"}
{"timestamp":"2025-12-16 12:42:24","level":"info","message":"[Ansible Worker] Incremented exception count to 8"}
{"timestamp":"2025-12-16 12:42:25","level":"info","message":"[Ansible Worker] Processing deploy job for environment 6940fb6146148b3c3d24c172"}
{"timestamp":"2025-12-16 12:42:25","level":"info","message":"[Ansible Worker] Built Ansible Tower job payload for environment 6940fb6146148b3c3d24c172"}
{"timestamp":"2025-12-16 12:42:26","level":"error","message":"[Ansible Worker] Error processing environment/edit/destroy job for environment 6940fb6146148b3c3d24c172: Request failed with status code 400"}
{"timestamp":"2025-12-16 12:42:26","level":"info","message":"[Ansible Worker] Incremented exception count to 9"}
{"timestamp":"2025-12-16 12:42:27","level":"info","message":"[Ansible Worker] Processing deploy job for environment 6940fb6146148b3c3d24c172"}
{"timestamp":"2025-12-16 12:42:27","level":"info","message":"[Ansible Worker] Built Ansible Tower job payload for environment 6940fb6146148b3c3d24c172"}
{"timestamp":"2025-12-16 12:42:28","level":"error","message":"[Ansible Worker] Error processing environment/edit/destroy job for environment 6940fb6146148b3c3d24c172: Request failed with status code 400"}
{"timestamp":"2025-12-16 12:42:28","level":"info","message":"[Ansible Worker] Incremented exception count to 10"}
{"timestamp":"2025-12-16 12:42:28","level":"info","message":"[Ansible Worker] Job marked as failed after 10 exceptions"}
{"timestamp":"2025-12-16 13:06:19","level":"info","message":"[Ansible Worker] ⚙️  Processing job 69410bf12926bc6af8797d38 (Tenant: nd6kok5r)"}
{"timestamp":"2025-12-16 13:06:19","level":"info","message":"[Ansible Worker] Processing deploy job for environment 6940fb6146148b3c3d24c172"}
{"timestamp":"2025-12-16 13:06:19","level":"info","message":"[Ansible Worker] Built Ansible Tower job payload for environment 6940fb6146148b3c3d24c172"}
{"timestamp":"2025-12-16 13:06:29","level":"info","message":"[Ansible Worker] ⚙️  Processing job 69410bf12926bc6af8797d38 (Tenant: nd6kok5r)"}
{"timestamp":"2025-12-16 13:06:29","level":"info","message":"[Ansible Worker] Processing deploy job for environment 6940fb6146148b3c3d24c172"}
{"timestamp":"2025-12-16 13:06:29","level":"info","message":"[Ansible Worker] Built Ansible Tower job payload for environment 6940fb6146148b3c3d24c172"}
{"timestamp":"2025-12-16 13:06:39","level":"info","message":"[Ansible Worker] ⚙️  Processing job 69410bf12926bc6af8797d38 (Tenant: nd6kok5r)"}
{"timestamp":"2025-12-16 13:06:39","level":"info","message":"[Ansible Worker] Processing deploy job for environment 6940fb6146148b3c3d24c172"}
{"timestamp":"2025-12-16 13:06:39","level":"info","message":"[Ansible Worker] Built Ansible Tower job payload for environment 6940fb6146148b3c3d24c172"}
{"timestamp":"2025-12-16 13:06:40","level":"error","message":"[Ansible Worker] Error processing environment/edit/destroy job for environment 6940fb6146148b3c3d24c172: Error"}
{"timestamp":"2025-12-16 13:06:40","level":"info","message":"[Ansible Worker] Incremented exception count to 1"}
{"timestamp":"2025-12-16 13:06:41","level":"info","message":"[Ansible Worker] Processing deploy job for environment 6940fb6146148b3c3d24c172"}
{"timestamp":"2025-12-16 13:06:41","level":"info","message":"[Ansible Worker] Built Ansible Tower job payload for environment 6940fb6146148b3c3d24c172"}
{"timestamp":"2025-12-16 13:07:44","level":"info","message":"[Ansible Worker] Ansible Trigger Worker started."}
{"timestamp":"2025-12-16 13:07:44","level":"info","message":"MongoDB connected successfully on localhost."}
{"timestamp":"2025-12-16 13:07:44","level":"info","message":"[Ansible Worker] ⚙️  Processing job 69410bf12926bc6af8797d38 (Tenant: nd6kok5r)"}
{"timestamp":"2025-12-16 13:07:44","level":"info","message":"[Ansible Worker] Processing deploy job for environment 6940fb6146148b3c3d24c172"}
{"timestamp":"2025-12-16 13:07:44","level":"info","message":"[Ansible Worker] Built Ansible Tower job payload for environment 6940fb6146148b3c3d24c172"}
{"timestamp":"2025-12-16 13:08:06","level":"error","message":"[Ansible Worker] Error processing environment/edit/destroy job for environment 6940fb6146148b3c3d24c172: Error"}
{"timestamp":"2025-12-16 13:08:06","level":"info","message":"[Ansible Worker] Incremented exception count to 2"}
{"timestamp":"2025-12-16 13:08:07","level":"info","message":"[Ansible Worker] Processing deploy job for environment 6940fb6146148b3c3d24c172"}
{"timestamp":"2025-12-16 13:08:07","level":"info","message":"[Ansible Worker] Built Ansible Tower job payload for environment 6940fb6146148b3c3d24c172"}
